node.exe : npm warn 
Unknown project config 
"public-hoist-pattern".
 This will stop 
working in the next 
major version of npm.
At C:\Program Files\nod
ejs\npm.ps1:16 char:5
+     & 
"$basedir/node$exe"  "$
basedir/node_modules/np
m/bin/npm-cli.js" ...
+     ~~~~~~~~~~~~~~~~~
~~~~~~~~~~~~~~~~~~~~~~~
~~~~~~~~~~~~~~~~~~~~~~~
~~
    + CategoryInfo     
         : NotSpecifi  
  ed: (npm warn Unkn   
 ow...version of np    
m.:String) [], Rem    
oteException
    + FullyQualifiedEr 
   rorId : NativeComm  
  andError
 

> build
> vite build

[36mvite v7.3.1 [32mbuilding client environment for production...[36m[39m
[plugin @laravel/vite-plugin-wayfinder] Types generated for actions, routes, form variants
transforming...
[32mΓ£ô[39m 4 modules transformed.
[31mΓ£ù[39m Build 
failed in 2.51s
[31merror during 
build:
[31m[vite:vue] 
[plugin vite:vue] resou
rces/js/pages/Welcome.v
ue (345:9): Element is 
missing end tag.[31m
file: [36mC:/Users/use
r/Herd/qrcode-attendanc
e/resources/js/pages/We
lcome.vue:345:9[31m
SyntaxError: [plugin 
vite:vue] resources/js/
pages/Welcome.vue 
(345:9): Element is 
missing end tag.
    at 
createCompilerError (C:
\Users\user\Herd\qrcode
-attendance\node_module
s\@vue\compiler-core\di
st\compiler-core.cjs.pr
od.js:1374:17)
    at emitError (C:\Us
ers\user\Herd\qrcode-at
tendance\node_modules\@
vue\compiler-core\dist\
compiler-core.cjs.prod.
js:2980:5)
    at 
Object.onclosetag (C:\U
sers\user\Herd\qrcode-a
ttendance\node_modules\
@vue\compiler-core\dist
\compiler-core.cjs.prod
.js:2377:13)
    at Tokenizer.stateI
nClosingTagName (C:\Use
rs\user\Herd\qrcode-att
endance\node_modules\@v
ue\compiler-core\dist\c
ompiler-core.cjs.prod.j
s:799:16)
    at Tokenizer.parse 
(C:\Users\user\Herd\qrc
ode-attendance\node_mod
ules\@vue\compiler-core
\dist\compiler-core.cjs
.prod.js:1157:16)
    at 
Object.baseParse (C:\Us
ers\user\Herd\qrcode-at
tendance\node_modules\@
vue\compiler-core\dist\
compiler-core.cjs.prod.
js:3012:13)
    at Object.parse (C:
\Users\user\Herd\qrcode
-attendance\node_module
s\@vue\compiler-dom\dis
t\compiler-dom.cjs.prod
.js:665:23)
    at Object.parse$1 
[as parse] (C:\Users\us
er\Herd\qrcode-attendan
ce\node_modules\@vue\co
mpiler-sfc\dist\compile
r-sfc.cjs.js:1824:24)
    at 
createDescriptor (file:
///C:/Users/user/Herd/q
rcode-attendance/node_m
odules/@vitejs/plugin-v
ue/dist/index.mjs:54:42
)
    at transformMain (f
ile:///C:/Users/user/He
rd/qrcode-attendance/no
de_modules/@vitejs/plug
in-vue/dist/index.mjs:1
319:33)[39m
